Mono path[0] = 'E:/UNITY/LastJumpCrew/Builds/PHS0717Validation/LastJumpCrew_Data/Managed'
Mono config path = 'E:/UNITY/LastJumpCrew/Builds/PHS0717Validation/MonoBleedingEdge/etc'
CodeReloadManager initialized
Found 1 interfaces on host : 0) 172.30.1.7
Player connection [5496]  Target information:

Player connection [5496]  * "[IP] 172.30.1.7 [Port] 55001 [Flags] 2 [Guid] 194349970 [EditorId] 2512859468 [Version] 1048832 [Id] WindowsPlayer(2,hansolcom) [Debug] 0 [PackageName] WindowsPlayer [ProjectName] LastJumpCrew" 

Player connection [5496] Started UDP target info broadcast (1) on [225.0.0.222:54997].

Input System module state changed to: Initialized.
[Physics::Module] Initialized fallback backend.
[Physics::Module] Id: 0xdecafbad
Initialize engine version: 6000.5.2f1 (eb73d3b415a1)
[Subsystems] Discovering subsystems at path E:/UNITY/LastJumpCrew/Builds/PHS0717Validation/LastJumpCrew_Data/UnitySubsystems
[D3D12 Device Filter] Vendor Name: NVIDIA
[D3D12 Device Filter] Device Name: NVIDIA GeForce RTX 4080
[D3D12 Device Filter] Driver Version: 32.0.15.7283
[D3D12 Device Filter] Feature Level: 12.2
[D3D12 Device Filter] Graphics Memory: 16050 MB
[D3D12 Device Filter] Processor Count: 24
[D3D12 Device Filter] Device Type: Discrete
GfxDevice: creating device client; kGfxThreadingModeSplitJobs
d3d12: failed to query info queue interface (0x80004002).
Direct3D:
    Version:         Direct3D 12 [level 12.2]
    Renderer:        NVIDIA GeForce RTX 4080 (ID=0x2704)
    Vendor:          NVIDIA
    VRAM:            16050 MB
    App VRAM Budget: 15282 MB
    Driver:          32.0.15.7283
Begin MonoManager ReloadAssembly
- Finished resetting the current domain, in  0.037 seconds
[Physics::Module] Selected backend.
[Physics::Module] Name: PhysX
[Physics::Module] Id: 0xf2b8ea05
[Physics::Module] SDK Version: 4.1.2
[Physics::Module] Integration Version: 1.0.0
[Physics::Module] Threading Mode: Multi-Threaded
<RI> Initializing input.
Using Windows.Gaming.Input
UnloadTime: 0.939900 ms
PHS_DEBRIS_STREAM_READY stream=PHS_LobbyDebrisStream mode=local total=12 generated=2
UnityEngine.Debug:ExtractStackTraceNoAlloc (byte*,int,string)
UnityEngine.StackTraceUtility:ExtractStackTrace () (at C:/build/output/unity/unity/Runtime/Export/Scripting/StackTrace.cs:35)
UnityEngine.DebugLogHandler:Internal_Log (UnityEngine.LogType,UnityEngine.LogOption,string,UnityEngine.Object)
UnityEngine.DebugLogHandler:LogFormat (UnityEngine.LogType,UnityEngine.Object,string,object[]) (at C:/build/output/unity/unity/Runtime/Export/Logging/DebugLogHandler.cs:9)
UnityEngine.Logger:Log (UnityEngine.LogType,object,UnityEngine.Object) (at C:/build/output/unity/unity/Runtime/Export/Logging/Logger.cs:66)
UnityEngine.Debug:Log (object,UnityEngine.Object) (at C:/build/output/unity/unity/Runtime/Export/Debug/Debug.bindings.cs:128)
LastJumpCrew.ParkHanSol.Multiplayer.PHSRandomDebrisStream:InitializeSimulation () (at E:/UNITY/LastJumpCrew/Assets/02. ParkHanSol_TeamLeader_Build & Multi/02. Script/Multiplayer/PHSRandomDebrisStream.cs:158)
LastJumpCrew.ParkHanSol.Multiplayer.PHSRandomDebrisStream:Awake () (at E:/UNITY/LastJumpCrew/Assets/02. ParkHanSol_TeamLeader_Build & Multi/02. Script/Multiplayer/PHSRandomDebrisStream.cs:76)

(Filename: C:/build/output/unity/unity/Runtime/Export/Debug/Debug.bindings.cs Line: 128)

MultiplayerRoomBrowser missing Inspector references: roomService
UnityEngine.Debug:ExtractStackTraceNoAlloc (byte*,int,string)
UnityEngine.StackTraceUtility:ExtractStackTrace () (at C:/build/output/unity/unity/Runtime/Export/Scripting/StackTrace.cs:35)
UnityEngine.DebugLogHandler:Internal_Log (UnityEngine.LogType,UnityEngine.LogOption,string,UnityEngine.Object)
UnityEngine.DebugLogHandler:LogFormat (UnityEngine.LogType,UnityEngine.Object,string,object[]) (at C:/build/output/unity/unity/Runtime/Export/Logging/DebugLogHandler.cs:9)
UnityEngine.Logger:Log (UnityEngine.LogType,object,UnityEngine.Object) (at C:/build/output/unity/unity/Runtime/Export/Logging/Logger.cs:66)
UnityEngine.Debug:LogError (object,UnityEngine.Object) (at C:/build/output/unity/unity/Runtime/Export/Debug/Debug.bindings.cs:154)
LastJumpCrew.ParkHanSol.Multiplayer.MultiplayerRoomBrowser:ValidateReferences () (at E:/UNITY/LastJumpCrew/Assets/02. ParkHanSol_TeamLeader_Build & Multi/02. Script/Multiplayer/MultiplayerRoomBrowser.cs:163)
LastJumpCrew.ParkHanSol.Multiplayer.MultiplayerRoomBrowser:Awake () (at E:/UNITY/LastJumpCrew/Assets/02. ParkHanSol_TeamLeader_Build & Multi/02. Script/Multiplayer/MultiplayerRoomBrowser.cs:53)

(Filename: C:/build/output/unity/unity/Runtime/Export/Debug/Debug.bindings.cs Line: 154)

[DataManager] Init 완료 — Items 8 / Tools 8 / Zones 0
UnityEngine.Debug:ExtractStackTraceNoAlloc (byte*,int,string)
UnityEngine.StackTraceUtility:ExtractStackTrace () (at C:/build/output/unity/unity/Runtime/Export/Scripting/StackTrace.cs:35)
UnityEngine.DebugLogHandler:Internal_Log (UnityEngine.LogType,UnityEngine.LogOption,string,UnityEngine.Object)
UnityEngine.DebugLogHandler:LogFormat (UnityEngine.LogType,UnityEngine.Object,string,object[]) (at C:/build/output/unity/unity/Runtime/Export/Logging/DebugLogHandler.cs:9)
UnityEngine.Logger:Log (UnityEngine.LogType,object) (at C:/build/output/unity/unity/Runtime/Export/Logging/Logger.cs:60)
UnityEngine.Debug:Log (object) (at C:/build/output/unity/unity/Runtime/Export/Debug/Debug.bindings.cs:123)
LastJumpCrew.SeoBoGyeong.DataManager:Init () (at E:/UNITY/LastJumpCrew/Assets/03. SeoBoGyeong_Game Economy/02. Script/DataManager.cs:37)
LastJumpCrew.SeoBoGyeong.GameCore:Init () (at E:/UNITY/LastJumpCrew/Assets/03. SeoBoGyeong_Game Economy/02. Script/GameCore.cs:66)
LastJumpCrew.SeoBoGyeong.GameCore:Awake () (at E:/UNITY/LastJumpCrew/Assets/03. SeoBoGyeong_Game Economy/02. Script/GameCore.cs:47)

(Filename: C:/build/output/unity/unity/Runtime/Export/Debug/Debug.bindings.cs Line: 123)

Ran out of Graphics Ring Buffer space. Consider using the -gfx-ring-buffer-size command line option to increase the size.
PHS_AUTO_JOIN_BEGIN code=HCMGF8
UnityEngine.Debug:ExtractStackTraceNoAlloc (byte*,int,string)
UnityEngine.StackTraceUtility:ExtractStackTrace () (at C:/build/output/unity/unity/Runtime/Export/Scripting/StackTrace.cs:35)
UnityEngine.DebugLogHandler:Internal_Log (UnityEngine.LogType,UnityEngine.LogOption,string,UnityEngine.Object)
UnityEngine.DebugLogHandler:LogFormat (UnityEngine.LogType,UnityEngine.Object,string,object[]) (at C:/build/output/unity/unity/Runtime/Export/Logging/DebugLogHandler.cs:9)
UnityEngine.Logger:Log (UnityEngine.LogType,object) (at C:/build/output/unity/unity/Runtime/Export/Logging/Logger.cs:60)
UnityEngine.Debug:Log (object) (at C:/build/output/unity/unity/Runtime/Export/Debug/Debug.bindings.cs:123)
LastJumpCrew.ParkHanSol.Multiplayer.ParkHanSolLobbyMenuController/<RunCommandLineAutomation>d__52:MoveNext () (at E:/UNITY/LastJumpCrew/Assets/02. ParkHanSol_TeamLeader_Build & Multi/02. Script/Multiplayer/ParkHanSolLobbyMenuController.cs:427)
UnityEngine.SetupCoroutine:InvokeMoveNext (System.Collections.IEnumerator,intptr) (at C:/build/output/unity/unity/Runtime/Export/Scripting/Coroutines.cs:17)

(Filename: C:/build/output/unity/unity/Runtime/Export/Debug/Debug.bindings.cs Line: 123)

PHS_ROOM_SERVICE_READY playerId=vfkLerNnlgDM8vt2K2HH1uljq4Yn
UnityEngine.Debug:ExtractStackTraceNoAlloc (byte*,int,string)
UnityEngine.StackTraceUtility:ExtractStackTrace () (at C:/build/output/unity/unity/Runtime/Export/Scripting/StackTrace.cs:35)
UnityEngine.DebugLogHandler:Internal_Log (UnityEngine.LogType,UnityEngine.LogOption,string,UnityEngine.Object)
UnityEngine.DebugLogHandler:LogFormat (UnityEngine.LogType,UnityEngine.Object,string,object[]) (at C:/build/output/unity/unity/Runtime/Export/Logging/DebugLogHandler.cs:9)
UnityEngine.Logger:Log (UnityEngine.LogType,object) (at C:/build/output/unity/unity/Runtime/Export/Logging/Logger.cs:60)
UnityEngine.Debug:Log (object) (at C:/build/output/unity/unity/Runtime/Export/Debug/Debug.bindings.cs:123)
LastJumpCrew.ParkHanSol.Multiplayer.MultiplayerRoomService/<InitializeServicesAsync>d__38:MoveNext () (at E:/UNITY/LastJumpCrew/Assets/02. ParkHanSol_TeamLeader_Build & Multi/02. Script/Multiplayer/MultiplayerRoomService.cs:325)
System.Runtime.CompilerServices.AsyncMethodBuilderCore/MoveNextRunner:InvokeMoveNext (object)
System.Threading.ExecutionContext:RunInternal (System.Threading.ExecutionContext,System.Threading.ContextCallback,object,bool)
System.Threading.ExecutionContext:Run (System.Threading.ExecutionContext,System.Threading.ContextCallback,object,bool)
System.Runtime.CompilerServices.AsyncMethodBuilderCore/MoveNextRunner:Run ()
System.Threading.Tasks.AwaitTaskContinuation:InvokeAction (object)
System.Threading.Tasks.AwaitTaskContinuation:RunCallback (System.Threading.ContextCallback,object,System.Threading.Tasks.Task&)
System.Threading.Tasks.SynchronizationContextAwaitTaskContinuation:Run (System.Threading.Tasks.Task,bool)
System.Threading.Tasks.Task:FinishContinuations ()
System.Threading.Tasks.Task:FinishStageThree ()
System.Threading.Tasks.Task`1<System.Threading.Tasks.VoidTaskResult>:TrySetResult (System.Threading.Tasks.VoidTaskResult)
System.Runtime.CompilerServices.AsyncTaskMethodBuilder`1<System.Threading.Tasks.VoidTaskResult>:SetResult (System.Threading.Tasks.VoidTaskResult)
System.Runtime.CompilerServices.AsyncTaskMethodBuilder`1<System.Threading.Tasks.VoidTaskResult>:SetResult (System.Threading.Tasks.Task`1<System.Threading.Tasks.VoidTaskResult>)
System.Runtime.CompilerServices.AsyncTaskMethodBuilder:SetResult ()
Unity.Services.Authentication.AuthenticationServiceInternal/<HandleSignInRequestAsync>d__195:MoveNext () (at ./Library/PackageCache/com.unity.services.authentication@9a8b7a204688/Runtime/AuthenticationServiceInternal.cs:340)
System.Runtime.CompilerServices.AsyncMethodBuilderCore/MoveNextRunner:InvokeMoveNext (object)
System.Threading.ExecutionContext:RunInternal (System.Threading.ExecutionContext,System.Threading.ContextCallback,object,bool)
System.Threading.ExecutionContext:Run (System.Threading.ExecutionContext,System.Threading.ContextCallback,object,bool)
System.Runtime.CompilerServices.AsyncMethodBuilderCore/MoveNextRunner:Run ()
System.Threading.Tasks.AwaitTaskContinuation:InvokeAction (object)
System.Threading.Tasks.AwaitTaskContinuation:RunCallback (System.Threading.ContextCallback,object,System.Threading.Tasks.Task&)
System.Threading.Tasks.SynchronizationContextAwaitTaskContinuation:Run (System.Threading.Tasks.Task,bool)
System.Threading.Tasks.Task:FinishContinuations ()
System.Threading.Tasks.Task:FinishStageThree ()
System.Threading.Tasks.Task`1<Unity.Services.Authentication.SignInResponse>:TrySetResult (Unity.Services.Authentication.SignInResponse)
System.Runtime.CompilerServices.AsyncTaskMethodBuilder`1<Unity.Services.Authentication.SignInResponse>:SetResult (Unity.Services.Authentication.SignInResponse)
Unity.Services.Authentication.WebRequest/<SendAsync>d__15`1<Unity.Services.Authentication.SignInResponse>:MoveNext () (at ./Library/PackageCache/com.unity.services.authentication@9a8b7a204688/Runtime/Network/WebRequest.cs:66)
System.Runtime.CompilerServices.AsyncMethodBuilderCore/MoveNextRunner:InvokeMoveNext (object)
System.Threading.ExecutionContext:RunInternal (System.Threading.ExecutionContext,System.Threading.ContextCallback,object,bool)
System.Threading.ExecutionContext:Run (System.Threading.ExecutionContext,System.Threading.ContextCallback,object,bool)
System.Runtime.CompilerServices.AsyncMethodBuilderCore/MoveNextRunner:Run ()
System.Threading.Tasks.AwaitTaskContinuation:InvokeAction (object)
System.Threading.Tasks.AwaitTaskContinuation:RunCallback (System.Threading.ContextCallback,object,System.Threading.Tasks.Task&)
System.Threading.Tasks.SynchronizationContextAwaitTaskContinuation:Run (System.Threading.Tasks.Task,bool)
System.Threading.Tasks.Task:FinishContinuations ()
System.Threading.Tasks.Task:FinishStageThree ()
System.Threading.Tasks.Task`1<string>:TrySetResult (string)
System.Threading.Tasks.TaskCompletionSource`1<string>:TrySetResult (string)
System.Threading.Tasks.TaskCompletionSource`1<string>:SetResult (string)
Unity.Services.Authentication.WebRequest:RequestCompleted (System.Threading.Tasks.TaskCompletionSource`1<string>,long,bool,bool,string,string,System.Collections.Generic.IDictionary`2<string, string>) (at ./Library/PackageCache/com.unity.services.authentication@9a8b7a204688/Runtime/Network/WebRequest.cs:198)
Unity.Services.Authentication.WebRequest/<>c__DisplayClass16_0:<SendAttemptAsync>b__0 (UnityEngine.AsyncOperation) (at ./Library/PackageCache/com.unity.services.authentication@9a8b7a204688/Runtime/Network/WebRequest.cs:76)
UnityEngine.AsyncOperation:InvokeCompletionEvent () (at C:/build/output/unity/unity/Runtime/Export/Scripting/AsyncOperation.cs:24)

(Filename: C:/build/output/unity/unity/Runtime/Export/Debug/Debug.bindings.cs Line: 123)

PHS_ROOM_OPERATION_FAILED operation=join_room exception=SessionException sessionError=SessionConflict message=player is already a member of the lobby
UnityEngine.Debug:ExtractStackTraceNoAlloc (byte*,int,string)
UnityEngine.StackTraceUtility:ExtractStackTrace () (at C:/build/output/unity/unity/Runtime/Export/Scripting/StackTrace.cs:35)
UnityEngine.DebugLogHandler:Internal_Log (UnityEngine.LogType,UnityEngine.LogOption,string,UnityEngine.Object)
UnityEngine.DebugLogHandler:LogFormat (UnityEngine.LogType,UnityEngine.Object,string,object[]) (at C:/build/output/unity/unity/Runtime/Export/Logging/DebugLogHandler.cs:9)
UnityEngine.Logger:Log (UnityEngine.LogType,object) (at C:/build/output/unity/unity/Runtime/Export/Logging/Logger.cs:60)
UnityEngine.Debug:LogError (object) (at C:/build/output/unity/unity/Runtime/Export/Debug/Debug.bindings.cs:151)
LastJumpCrew.ParkHanSol.Multiplayer.MultiplayerRoomService:ReportFailure (string,System.Exception) (at E:/UNITY/LastJumpCrew/Assets/02. ParkHanSol_TeamLeader_Build & Multi/02. Script/Multiplayer/MultiplayerRoomService.cs:521)
LastJumpCrew.ParkHanSol.Multiplayer.MultiplayerRoomService/<JoinRoomInternalAsync>d__36:MoveNext () (at E:/UNITY/LastJumpCrew/Assets/02. ParkHanSol_TeamLeader_Build & Multi/02. Script/Multiplayer/MultiplayerRoomService.cs:225)
System.Runtime.CompilerServices.AsyncMethodBuilderCore/MoveNextRunner:InvokeMoveNext (object)
System.Threading.ExecutionContext:RunInternal (System.Threading.ExecutionContext,System.Threading.ContextCallback,object,bool)
System.Threading.ExecutionContext:Run (System.Threading.ExecutionContext,System.Threading.ContextCallback,object,bool)
System.Runtime.CompilerServices.AsyncMethodBuilderCore/MoveNextRunner:Run ()
System.Threading.Tasks.AwaitTaskContinuation:InvokeAction (object)
System.Threading.Tasks.AwaitTaskContinuation:RunCallback (System.Threading.ContextCallback,object,System.Threading.Tasks.Task&)
System.Threading.Tasks.SynchronizationContextAwaitTaskContinuation:Run (System.Threading.Tasks.Task,bool)
System.Threading.Tasks.Task:FinishContinuations ()
System.Threading.Tasks.Task:FinishStageThree ()
System.Threading.Tasks.Task:FinishStageTwo ()
System.Threading.Tasks.Task:Finish (bool)
System.Threading.Tasks.Task:TrySetException (object)
System.Runtime.CompilerServices.AsyncTaskMethodBuilder`1<Unity.Services.Multiplayer.ISession>:SetException (System.Exception)
Unity.Services.Multiplayer.WrappedMultiplayerService/<JoinSessionByCodeAsync>d__23:MoveNext () (at ./Library/PackageCache/com.unity.services.multiplayer@a6d6ce688d71/Runtime/Multiplayer/WrappedMultiplayerService.cs:106)
System.Runtime.CompilerServices.AsyncMethodBuilderCore/MoveNextRunner:InvokeMoveNext (object)
System.Threading.ExecutionContext:RunInternal (System.Threading.ExecutionContext,System.Threading.ContextCallback,object,bool)
System.Threading.ExecutionContext:Run (System.Threading.ExecutionContext,System.Threading.ContextCallback,object,bool)
System.Runtime.CompilerServices.AsyncMethodBuilderCore/MoveNextRunner:Run ()
System.Threading.Tasks.AwaitTaskContinuation:InvokeAction (object)
System.Threading.Tasks.AwaitTaskContinuation:RunCallback (System.Threading.ContextCallback,object,System.Threading.Tasks.Task&)
System.Threading.Tasks.SynchronizationContextAwaitTaskContinuation:Run (System.Threading.Tasks.Task,bool)
System.Threading.Tasks.Task:FinishContinuations ()
System.Threading.Tasks.Task:FinishStageThree ()
System.Threading.Tasks.Task:FinishStageTwo ()
System.Threading.Tasks.Task:Finish (bool)
System.Threading.Tasks.Task:TrySetException (object)
System.Runtime.CompilerServices.AsyncTaskMethodBuilder`1<Unity.Services.Multiplayer.SessionHandler>:SetException (System.Exception)
Unity.Services.Multiplayer.SessionManager/<JoinByCodeAsync>d__19:MoveNext () (at ./Library/PackageCache/com.unity.services.multiplayer@a6d6ce688d71/Runtime/Multiplayer/Session/SessionManager.cs:130)
System.Runtime.CompilerServices.AsyncMethodBuilderCore/MoveNextRunner:InvokeMoveNext (object)
System.Threading.ExecutionContext:RunInternal (System.Threading.ExecutionContext,System.Threading.ContextCallback,object,bool)
System.Threading.ExecutionContext:Run (System.Threading.ExecutionContext,System.Threading.ContextCallback,object,bool)
System.Runtime.CompilerServices.AsyncMethodBuilderCore/MoveNextRunner:Run ()
System.Threading.Tasks.AwaitTaskContinuation:InvokeAction (object)
System.Threading.Tasks.AwaitTaskContinuation:RunCallback (System.Threading.ContextCallback,object,System.Threading.Tasks.Task&)
System.Threading.Tasks.SynchronizationContextAwaitTaskContinuation:Run (System.Threading.Tasks.Task,bool)
System.Threading.Tasks.Task:FinishContinuations ()
System.Threading.Tasks.Task:FinishStageThree ()
System.Threading.Tasks.Task:FinishStageTwo ()
System.Threading.Tasks.Task:Finish (bool)
System.Threading.Tasks.Task:TrySetException (object)
System.Runtime.CompilerServices.AsyncTaskMethodBuilder`1<System.Threading.Tasks.VoidTaskResult>:SetException (System.Exception)
System.Runtime.CompilerServices.AsyncTaskMethodBuilder:SetException (System.Exception)
Unity.Services.Multiplayer.LobbyHandler/<JoinLobbyByCodeAsync>d__95:MoveNext () (at ./Library/PackageCache/com.unity.services.multiplayer@a6d6ce688d71/Runtime/Multiplayer/Lobby/LobbyHandler.cs:617)
System.Runtime.CompilerServices.AsyncMethodBuilderCore/MoveNextRunner:InvokeMoveNext (object)
System.Threading.ExecutionContext:RunInternal (System.Threading.ExecutionContext,System.Threading.ContextCallback,object,bool)
System.Threading.ExecutionContext:Run (System.Threading.ExecutionContext,System.Threading.ContextCallback,object,bool)
System.Runtime.CompilerServices.AsyncMethodBuilderCore/MoveNextRunner:Run ()
System.Threading.Tasks.AwaitTaskContinuation:InvokeAction (object)
System.Threading.Tasks.AwaitTaskContinuation:RunCallback (System.Threading.ContextCallback,object,System.Threading.Tasks.Task&)
System.Threading.Tasks.SynchronizationContextAwaitTaskContinuation:Run (System.Threading.Tasks.Task,bool)
System.Threading.Tasks.Task:FinishContinuations ()
System.Threading.Tasks.Task:FinishStageThree ()
System.Threading.Tasks.Task:FinishStageTwo ()
System.Threading.Tasks.Task:Finish (bool)
System.Threading.Tasks.Task:TrySetException (object)
System.Runtime.CompilerServices.AsyncTaskMethodBuilder`1<Unity.Services.Lobbies.Models.Lobby>:SetException (System.Exception)
Unity.Services.Lobbies.Internal.WrappedLobbyService/<JoinLobbyByCodeAsync>d__25:MoveNext () (at ./Library/PackageCache/com.unity.services.multiplayer@a6d6ce688d71/Runtime/Lobbies/SDK/WrappedLobbyService.cs:240)
System.Runtime.CompilerServices.AsyncMethodBuilderCore/MoveNextRunner:InvokeMoveNext (object)
System.Threading.ExecutionContext:RunInternal (System.Threading.ExecutionContext,System.Threading.ContextCallback,object,bool)
System.Threading.ExecutionContext:Run (System.Threading.ExecutionContext,System.Threading.ContextCallback,object,bool)
System.Runtime.CompilerServices.AsyncMethodBuilderCore/MoveNextRunner:Run ()
System.Threading.Tasks.AwaitTaskContinuation:InvokeAction (object)
System.Threading.Tasks.AwaitTaskContinuation:RunCallback (System.Threading.ContextCallback,object,System.Threading.Tasks.Task&)
System.Threading.Tasks.SynchronizationContextAwaitTaskContinuation:Run (System.Threading.Tasks.Task,bool)
System.Threading.Tasks.Task:FinishContinuations ()
System.Threading.Tasks.Task:FinishStageThree ()
System.Threading.Tasks.Task:FinishStageTwo ()
System.Threading.Tasks.Task:Finish (bool)
System.Threading.Tasks.Task:TrySetException (object)
System.Runtime.CompilerServices.AsyncTaskMethodBuilder`1<Unity.Services.Lobbies.Response`1<Unity.Services.Lobbies.Models.Lobby>>:SetException (System.Exception)
Unity.Services.Lobbies.Internal.WrappedLobbyService/<TryCatchRequest>d__42`2<Unity.Services.Lobbies.Lobby.JoinLobbyByCodeRequest, Unity.Services.Lobbies.Models.Lobby>:MoveNext () (at ./Library/PackageCache/com.unity.services.multiplayer@a6d6ce688d71/Runtime/Lobbies/SDK/WrappedLobbyService.cs:608)
System.Runtime.CompilerServices.AsyncMethodBuilderCore/MoveNextRunner:InvokeMoveNext (object)
System.Threading.ExecutionContext:RunInternal (System.Threading.ExecutionContext,System.Threading.ContextCallback,object,bool)
System.Threading.ExecutionContext:Run (System.Threading.ExecutionContext,System.Threading.ContextCallback,object,bool)
System.Runtime.CompilerServices.AsyncMethodBuilderCore/MoveNextRunner:Run ()
System.Threading.Tasks.AwaitTaskContinuation:InvokeAction (object)
System.Threading.Tasks.AwaitTaskContinuation:RunCallback (System.Threading.ContextCallback,object,System.Threading.Tasks.Task&)
System.Threading.Tasks.SynchronizationContextAwaitTaskContinuation:Run (System.Threading.Tasks.Task,bool)
System.Threading.Tasks.Task:FinishContinuations ()
System.Threading.Tasks.Task:FinishStageThree ()
System.Threading.Tasks.Task:FinishStageTwo ()
System.Threading.Tasks.Task:Finish (bool)
System.Threading.Tasks.Task:TrySetException (object)
System.Runtime.CompilerServices.AsyncTaskMethodBuilder`1<Unity.Services.Lobbies.Response`1<Unity.Services.Lobbies.Models.Lobby>>:SetException (System.Exception)
Unity.Services.Lobbies.Apis.Lobby.LobbyApiClient/<JoinLobbyByCodeAsync>d__16:MoveNext () (at ./Library/PackageCache/com.unity.services.multiplayer@a6d6ce688d71/Runtime/Lobbies/Apis/LobbyApi.cs:515)
System.Runtime.CompilerServices.AsyncMethodBuilderCore/MoveNextRunner:InvokeMoveNext (object)
System.Threading.ExecutionContext:RunInternal (System.Threading.ExecutionContext,System.Threading.ContextCallback,object,bool)
System.Threading.ExecutionContext:Run (System.Threading.ExecutionContext,System.Threading.ContextCallback,object,bool)
System.Runtime.CompilerServices.AsyncMethodBuilderCore/MoveNextRunner:Run ()
System.Threading.Tasks.AwaitTaskContinuation:InvokeAction (object)
System.Threading.Tasks.AwaitTaskContinuation:RunCallback (System.Threading.ContextCallback,object,System.Threading.Tasks.Task&)
System.Threading.Tasks.SynchronizationContextAwaitTaskContinuation:Run (System.Threading.Tasks.Task,bool)
System.Threading.Tasks.Task:FinishContinuations ()
System.Threading.Tasks.Task:FinishStageThree ()
System.Threading.Tasks.Task`1<Unity.Services.Lobbies.Http.HttpClientResponse>:TrySetResult (Unity.Services.Lobbies.Http.HttpClientResponse)
System.Runtime.CompilerServices.AsyncTaskMethodBuilder`1<Unity.Services.Lobbies.Http.HttpClientResponse>:SetResult (Unity.Services.Lobbies.Http.HttpClientResponse)
Unity.Services.Lobbies.Http.HttpClient/<MakeRequestAsync>d__1:MoveNext () (at ./Library/PackageCache/com.unity.services.multiplayer@a6d6ce688d71/Runtime/Lobbies/Http/HttpClient.cs:41)
System.Runtime.CompilerServices.AsyncMethodBuilderCore/MoveNextRunner:InvokeMoveNext (object)
System.Threading.ExecutionContext:RunInternal (System.Threading.ExecutionContext,System.Threading.ContextCallback,object,bool)
System.Threading.ExecutionContext:Run (System.Threading.ExecutionContext,System.Threading.ContextCallback,object,bool)
System.Runtime.CompilerServices.AsyncMethodBuilderCore/MoveNextRunner:Run ()
System.Threading.Tasks.AwaitTaskContinuation:InvokeAction (object)
System.Threading.Tasks.AwaitTaskContinuation:RunCallback (System.Threading.ContextCallback,object,System.Threading.Tasks.Task&)
System.Threading.Tasks.SynchronizationContextAwaitTaskContinuation:Run (System.Threading.Tasks.Task,bool)
System.Threading.Tasks.Task:FinishContinuations ()
System.Threading.Tasks.Task:FinishStageThree ()
System.Threading.Tasks.Task`1<Unity.Services.Lobbies.Http.HttpClientResponse>:TrySetResult (Unity.Services.Lobbies.Http.HttpClientResponse)
System.Runtime.CompilerServices.AsyncTaskMethodBuilder`1<Unity.Services.Lobbies.Http.HttpClientResponse>:SetResult (Unity.Services.Lobbies.Http.HttpClientResponse)
Unity.Services.Lobbies.Http.HttpClient/<CreateWebRequestAsync>d__3:MoveNext () (at ./Library/PackageCache/com.unity.services.multiplayer@a6d6ce688d71/Runtime/Lobbies/Http/HttpClient.cs:56)
System.Runtime.CompilerServices.AsyncMethodBuilderCore/MoveNextRunner:InvokeMoveNext (object)
System.Threading.ExecutionContext:RunInternal (System.Threading.ExecutionContext,System.Threading.ContextCallback,object,bool)
System.Threading.ExecutionContext:Run (System.Threading.ExecutionContext,System.Threading.ContextCallback,object,bool)
System.Runtime.CompilerServices.AsyncMethodBuilderCore/MoveNextRunner:Run ()
System.Threading.Tasks.AwaitTaskContinuation:InvokeAction (object)
System.Threading.Tasks.AwaitTaskContinuation:RunCallback (System.Threading.ContextCallback,object,System.Threading.Tasks.Task&)
System.Threading.Tasks.SynchronizationContextAwaitTaskContinuation:Run (System.Threading.Tasks.Task,bool)
System.Threading.Tasks.Task:FinishContinuations ()
System.Threading.Tasks.Task:FinishStageThree ()
System.Threading.Tasks.Task`1<Unity.Services.Lobbies.Http.HttpClientResponse>:TrySetResult (Unity.Services.Lobbies.Http.HttpClientResponse)
System.Runtime.CompilerServices.AsyncTaskMethodBuilder`1<Unity.Services.Lobbies.Http.HttpClientResponse>:SetResult (Unity.Services.Lobbies.Http.HttpClientResponse)
Unity.Services.Lobbies.Http.HttpClient/<CreateHttpClientResponse>d__4:MoveNext () (at ./Library/PackageCache/com.unity.services.multiplayer@a6d6ce688d71/Runtime/Lobbies/Http/HttpClient.cs:84)
System.Runtime.CompilerServices.AsyncMethodBuilderCore/MoveNextRunner:InvokeMoveNext (object)
System.Threading.ExecutionContext:RunInternal (System.Threading.ExecutionContext,System.Threading.ContextCallback,object,bool)
System.Threading.ExecutionContext:Run (System.Threading.ExecutionContext,System.Threading.ContextCallback,object,bool)
System.Runtime.CompilerServices.AsyncMethodBuilderCore/MoveNextRunner:Run ()
System.Threading.Tasks.AwaitTaskContinuation:InvokeAction (object)
System.Threading.Tasks.AwaitTaskContinuation:RunCallback (System.Threading.ContextCallback,object,System.Threading.Tasks.Task&)
System.Threading.Tasks.SynchronizationContextAwaitTaskContinuation:Run (System.Threading.Tasks.Task,bool)
System.Threading.Tasks.Task:FinishContinuations ()
System.Threading.Tasks.Task:FinishStageThree ()
System.Threading.Tasks.Task`1<Unity.Services.Lobbies.Http.HttpClientResponse>:TrySetResult (Unity.Services.Lobbies.Http.HttpClientResponse)
System.Runtime.CompilerServices.AsyncTaskMethodBuilder`1<Unity.Services.Lobbies.Http.HttpClientResponse>:SetResult (Unity.Services.Lobbies.Http.HttpClientResponse)
Unity.Services.Lobbies.Http.HttpClient/<>c__DisplayClass4_0/<<CreateHttpClientResponse>b__0>d:MoveNext () (at ./Library/PackageCache/com.unity.services.multiplayer@a6d6ce688d71/Runtime/Lobbies/Http/HttpClient.cs:81)
System.Runtime.CompilerServices.AsyncMethodBuilderCore/MoveNextRunner:InvokeMoveNext (object)
System.Threading.ExecutionContext:RunInternal (System.Threading.ExecutionContext,System.Threading.ContextCallback,object,bool)
System.Threading.ExecutionContext:Run (System.Threading.ExecutionContext,System.Threading.ContextCallback,object,bool)
System.Runtime.CompilerServices.AsyncMethodBuilderCore/MoveNextRunner:Run ()
System.Threading.Tasks.AwaitTaskContinuation:InvokeAction (object)
System.Threading.Tasks.AwaitTaskContinuation:RunCallback (System.Threading.ContextCallback,object,System.Threading.Tasks.Task&)
System.Threading.Tasks.SynchronizationContextAwaitTaskContinuation:Run (System.Threading.Tasks.Task,bool)
System.Threading.Tasks.Task:FinishContinuations ()
System.Threading.Tasks.Task:FinishStageThree ()
System.Threading.Tasks.Task`1<Unity.Services.Lobbies.Http.HttpClientResponse>:TrySetResult (Unity.Services.Lobbies.Http.HttpClientResponse)
System.Threading.Tasks.TaskCompletionSource`1<Unity.Services.Lobbies.Http.HttpClientResponse>:TrySetResult (Unity.Services.Lobbies.Http.HttpClientResponse)
System.Threading.Tasks.TaskCompletionSource`1<Unity.Services.Lobbies.Http.HttpClientResponse>:SetResult (Unity.Services.Lobbies.Http.HttpClientResponse)
Unity.Services.Lobbies.Http.UnityWebRequestHelpers/<>c__DisplayClass0_0:<GetAwaiter>b__0 (UnityEngine.AsyncOperation) (at ./Library/PackageCache/com.unity.services.multiplayer@a6d6ce688d71/Runtime/Lobbies/Http/UnityWebRequestHelpers.cs:34)
UnityEngine.AsyncOperation:InvokeCompletionEvent () (at C:/build/output/unity/unity/Runtime/Export/Scripting/AsyncOperation.cs:24)

(Filename: C:/build/output/unity/unity/Runtime/Export/Debug/Debug.bindings.cs Line: 151)

PHS_AUTO_JOIN_FAILED code=HCMGF8
UnityEngine.Debug:ExtractStackTraceNoAlloc (byte*,int,string)
UnityEngine.StackTraceUtility:ExtractStackTrace () (at C:/build/output/unity/unity/Runtime/Export/Scripting/StackTrace.cs:35)
UnityEngine.DebugLogHandler:Internal_Log (UnityEngine.LogType,UnityEngine.LogOption,string,UnityEngine.Object)
UnityEngine.DebugLogHandler:LogFormat (UnityEngine.LogType,UnityEngine.Object,string,object[]) (at C:/build/output/unity/unity/Runtime/Export/Logging/DebugLogHandler.cs:9)
UnityEngine.Logger:Log (UnityEngine.LogType,object) (at C:/build/output/unity/unity/Runtime/Export/Logging/Logger.cs:60)
UnityEngine.Debug:LogError (object) (at C:/build/output/unity/unity/Runtime/Export/Debug/Debug.bindings.cs:151)
LastJumpCrew.ParkHanSol.Multiplayer.ParkHanSolLobbyMenuController/<JoinRoomFromCommandLineAsync>d__54:MoveNext () (at E:/UNITY/LastJumpCrew/Assets/02. ParkHanSol_TeamLeader_Build & Multi/02. Script/Multiplayer/ParkHanSolLobbyMenuController.cs:455)
System.Runtime.CompilerServices.AsyncMethodBuilderCore/MoveNextRunner:InvokeMoveNext (object)
System.Threading.ExecutionContext:RunInternal (System.Threading.ExecutionContext,System.Threading.ContextCallback,object,bool)
System.Threading.ExecutionContext:Run (System.Threading.ExecutionContext,System.Threading.ContextCallback,object,bool)
System.Runtime.CompilerServices.AsyncMethodBuilderCore/MoveNextRunner:Run ()
System.Threading.Tasks.AwaitTaskContinuation:InvokeAction (object)
System.Threading.Tasks.AwaitTaskContinuation:RunCallback (System.Threading.ContextCallback,object,System.Threading.Tasks.Task&)
System.Threading.Tasks.SynchronizationContextAwaitTaskContinuation:Run (System.Threading.Tasks.Task,bool)
System.Threading.Tasks.Task:FinishContinuations ()
System.Threading.Tasks.Task:FinishStageThree ()
System.Threading.Tasks.Task`1<bool>:TrySetResult (bool)
System.Runtime.CompilerServices.AsyncTaskMethodBuilder`1<bool>:SetResult (bool)
LastJumpCrew.ParkHanSol.Multiplayer.MultiplayerRoomService/<JoinRoomByCodeAsync>d__35:MoveNext () (at E:/UNITY/LastJumpCrew/Assets/02. ParkHanSol_TeamLeader_Build & Multi/02. Script/Multiplayer/MultiplayerRoomService.cs:180)
System.Runtime.CompilerServices.AsyncMethodBuilderCore/MoveNextRunner:InvokeMoveNext (object)
System.Threading.ExecutionContext:RunInternal (System.Threading.ExecutionContext,System.Threading.ContextCallback,object,bool)
System.Threading.ExecutionContext:Run (System.Threading.ExecutionContext,System.Threading.ContextCallback,object,bool)
System.Runtime.CompilerServices.AsyncMethodBuilderCore/MoveNextRunner:Run ()
System.Threading.Tasks.AwaitTaskContinuation:InvokeAction (object)
System.Threading.Tasks.AwaitTaskContinuation:RunCallback (System.Threading.ContextCallback,object,System.Threading.Tasks.Task&)
System.Threading.Tasks.SynchronizationContextAwaitTaskContinuation:Run (System.Threading.Tasks.Task,bool)
System.Threading.Tasks.Task:FinishContinuations ()
System.Threading.Tasks.Task:FinishStageThree ()
System.Threading.Tasks.Task`1<bool>:TrySetResult (bool)
System.Runtime.CompilerServices.AsyncTaskMethodBuilder`1<bool>:SetResult (bool)
LastJumpCrew.ParkHanSol.Multiplayer.MultiplayerRoomService/<JoinRoomInternalAsync>d__36:MoveNext () (at E:/UNITY/LastJumpCrew/Assets/02. ParkHanSol_TeamLeader_Build & Multi/02. Script/Multiplayer/MultiplayerRoomService.cs:232)
System.Runtime.CompilerServices.AsyncMethodBuilderCore/MoveNextRunner:InvokeMoveNext (object)
System.Threading.ExecutionContext:RunInternal (System.Threading.ExecutionContext,System.Threading.ContextCallback,object,bool)
System.Threading.ExecutionContext:Run (System.Threading.ExecutionContext,System.Threading.ContextCallback,object,bool)
System.Runtime.CompilerServices.AsyncMethodBuilderCore/MoveNextRunner:Run ()
System.Threading.Tasks.AwaitTaskContinuation:InvokeAction (object)
System.Threading.Tasks.AwaitTaskContinuation:RunCallback (System.Threading.ContextCallback,object,System.Threading.Tasks.Task&)
System.Threading.Tasks.SynchronizationContextAwaitTaskContinuation:Run (System.Threading.Tasks.Task,bool)
System.Threading.Tasks.Task:FinishContinuations ()
System.Threading.Tasks.Task:FinishStageThree ()
System.Threading.Tasks.Task:FinishStageTwo ()
System.Threading.Tasks.Task:Finish (bool)
System.Threading.Tasks.Task:TrySetException (object)
System.Runtime.CompilerServices.AsyncTaskMethodBuilder`1<Unity.Services.Multiplayer.ISession>:SetException (System.Exception)
Unity.Services.Multiplayer.WrappedMultiplayerService/<JoinSessionByCodeAsync>d__23:MoveNext () (at ./Library/PackageCache/com.unity.services.multiplayer@a6d6ce688d71/Runtime/Multiplayer/WrappedMultiplayerService.cs:106)
System.Runtime.CompilerServices.AsyncMethodBuilderCore/MoveNextRunner:InvokeMoveNext (object)
System.Threading.ExecutionContext:RunInternal (System.Threading.ExecutionContext,System.Threading.ContextCallback,object,bool)
System.Threading.ExecutionContext:Run (System.Threading.ExecutionContext,System.Threading.ContextCallback,object,bool)
System.Runtime.CompilerServices.AsyncMethodBuilderCore/MoveNextRunner:Run ()
System.Threading.Tasks.AwaitTaskContinuation:InvokeAction (object)
System.Threading.Tasks.AwaitTaskContinuation:RunCallback (System.Threading.ContextCallback,object,System.Threading.Tasks.Task&)
System.Threading.Tasks.SynchronizationContextAwaitTaskContinuation:Run (System.Threading.Tasks.Task,bool)
System.Threading.Tasks.Task:FinishContinuations ()
System.Threading.Tasks.Task:FinishStageThree ()
System.Threading.Tasks.Task:FinishStageTwo ()
System.Threading.Tasks.Task:Finish (bool)
System.Threading.Tasks.Task:TrySetException (object)
System.Runtime.CompilerServices.AsyncTaskMethodBuilder`1<Unity.Services.Multiplayer.SessionHandler>:SetException (System.Exception)
Unity.Services.Multiplayer.SessionManager/<JoinByCodeAsync>d__19:MoveNext () (at ./Library/PackageCache/com.unity.services.multiplayer@a6d6ce688d71/Runtime/Multiplayer/Session/SessionManager.cs:130)
System.Runtime.CompilerServices.AsyncMethodBuilderCore/MoveNextRunner:InvokeMoveNext (object)
System.Threading.ExecutionContext:RunInternal (System.Threading.ExecutionContext,System.Threading.ContextCallback,object,bool)
System.Threading.ExecutionContext:Run (System.Threading.ExecutionContext,System.Threading.ContextCallback,object,bool)
System.Runtime.CompilerServices.AsyncMethodBuilderCore/MoveNextRunner:Run ()
System.Threading.Tasks.AwaitTaskContinuation:InvokeAction (object)
System.Threading.Tasks.AwaitTaskContinuation:RunCallback (System.Threading.ContextCallback,object,System.Threading.Tasks.Task&)
System.Threading.Tasks.SynchronizationContextAwaitTaskContinuation:Run (System.Threading.Tasks.Task,bool)
System.Threading.Tasks.Task:FinishContinuations ()
System.Threading.Tasks.Task:FinishStageThree ()
System.Threading.Tasks.Task:FinishStageTwo ()
System.Threading.Tasks.Task:Finish (bool)
System.Threading.Tasks.Task:TrySetException (object)
System.Runtime.CompilerServices.AsyncTaskMethodBuilder`1<System.Threading.Tasks.VoidTaskResult>:SetException (System.Exception)
System.Runtime.CompilerServices.AsyncTaskMethodBuilder:SetException (System.Exception)
Unity.Services.Multiplayer.LobbyHandler/<JoinLobbyByCodeAsync>d__95:MoveNext () (at ./Library/PackageCache/com.unity.services.multiplayer@a6d6ce688d71/Runtime/Multiplayer/Lobby/LobbyHandler.cs:617)
System.Runtime.CompilerServices.AsyncMethodBuilderCore/MoveNextRunner:InvokeMoveNext (object)
System.Threading.ExecutionContext:RunInternal (System.Threading.ExecutionContext,System.Threading.ContextCallback,object,bool)
System.Threading.ExecutionContext:Run (System.Threading.ExecutionContext,System.Threading.ContextCallback,object,bool)
System.Runtime.CompilerServices.AsyncMethodBuilderCore/MoveNextRunner:Run ()
System.Threading.Tasks.AwaitTaskContinuation:InvokeAction (object)
System.Threading.Tasks.AwaitTaskContinuation:RunCallback (System.Threading.ContextCallback,object,System.Threading.Tasks.Task&)
System.Threading.Tasks.SynchronizationContextAwaitTaskContinuation:Run (System.Threading.Tasks.Task,bool)
System.Threading.Tasks.Task:FinishContinuations ()
System.Threading.Tasks.Task:FinishStageThree ()
System.Threading.Tasks.Task:FinishStageTwo ()
System.Threading.Tasks.Task:Finish (bool)
System.Threading.Tasks.Task:TrySetException (object)
System.Runtime.CompilerServices.AsyncTaskMethodBuilder`1<Unity.Services.Lobbies.Models.Lobby>:SetException (System.Exception)
Unity.Services.Lobbies.Internal.WrappedLobbyService/<JoinLobbyByCodeAsync>d__25:MoveNext () (at ./Library/PackageCache/com.unity.services.multiplayer@a6d6ce688d71/Runtime/Lobbies/SDK/WrappedLobbyService.cs:240)
System.Runtime.CompilerServices.AsyncMethodBuilderCore/MoveNextRunner:InvokeMoveNext (object)
System.Threading.ExecutionContext:RunInternal (System.Threading.ExecutionContext,System.Threading.ContextCallback,object,bool)
System.Threading.ExecutionContext:Run (System.Threading.ExecutionContext,System.Threading.ContextCallback,object,bool)
System.Runtime.CompilerServices.AsyncMethodBuilderCore/MoveNextRunner:Run ()
System.Threading.Tasks.AwaitTaskContinuation:InvokeAction (object)
System.Threading.Tasks.AwaitTaskContinuation:RunCallback (System.Threading.ContextCallback,object,System.Threading.Tasks.Task&)
System.Threading.Tasks.SynchronizationContextAwaitTaskContinuation:Run (System.Threading.Tasks.Task,bool)
System.Threading.Tasks.Task:FinishContinuations ()
System.Threading.Tasks.Task:FinishStageThree ()
System.Threading.Tasks.Task:FinishStageTwo ()
System.Threading.Tasks.Task:Finish (bool)
System.Threading.Tasks.Task:TrySetException (object)
System.Runtime.CompilerServices.AsyncTaskMethodBuilder`1<Unity.Services.Lobbies.Response`1<Unity.Services.Lobbies.Models.Lobby>>:SetException (System.Exception)
Unity.Services.Lobbies.Internal.WrappedLobbyService/<TryCatchRequest>d__42`2<Unity.Services.Lobbies.Lobby.JoinLobbyByCodeRequest, Unity.Services.Lobbies.Models.Lobby>:MoveNext () (at ./Library/PackageCache/com.unity.services.multiplayer@a6d6ce688d71/Runtime/Lobbies/SDK/WrappedLobbyService.cs:608)
System.Runtime.CompilerServices.AsyncMethodBuilderCore/MoveNextRunner:InvokeMoveNext (object)
System.Threading.ExecutionContext:RunInternal (System.Threading.ExecutionContext,System.Threading.ContextCallback,object,bool)
System.Threading.ExecutionContext:Run (System.Threading.ExecutionContext,System.Threading.ContextCallback,object,bool)
System.Runtime.CompilerServices.AsyncMethodBuilderCore/MoveNextRunner:Run ()
System.Threading.Tasks.AwaitTaskContinuation:InvokeAction (object)
System.Threading.Tasks.AwaitTaskContinuation:RunCallback (System.Threading.ContextCallback,object,System.Threading.Tasks.Task&)
System.Threading.Tasks.SynchronizationContextAwaitTaskContinuation:Run (System.Threading.Tasks.Task,bool)
System.Threading.Tasks.Task:FinishContinuations ()
System.Threading.Tasks.Task:FinishStageThree ()
System.Threading.Tasks.Task:FinishStageTwo ()
System.Threading.Tasks.Task:Finish (bool)
System.Threading.Tasks.Task:TrySetException (object)
System.Runtime.CompilerServices.AsyncTaskMethodBuilder`1<Unity.Services.Lobbies.Response`1<Unity.Services.Lobbies.Models.Lobby>>:SetException (System.Exception)
Unity.Services.Lobbies.Apis.Lobby.LobbyApiClient/<JoinLobbyByCodeAsync>d__16:MoveNext () (at ./Library/PackageCache/com.unity.services.multiplayer@a6d6ce688d71/Runtime/Lobbies/Apis/LobbyApi.cs:515)
System.Runtime.CompilerServices.AsyncMethodBuilderCore/MoveNextRunner:InvokeMoveNext (object)
System.Threading.ExecutionContext:RunInternal (System.Threading.ExecutionContext,System.Threading.ContextCallback,object,bool)
System.Threading.ExecutionContext:Run (System.Threading.ExecutionContext,System.Threading.ContextCallback,object,bool)
System.Runtime.CompilerServices.AsyncMethodBuilderCore/MoveNextRunner:Run ()
System.Threading.Tasks.AwaitTaskContinuation:InvokeAction (object)
System.Threading.Tasks.AwaitTaskContinuation:RunCallback (System.Threading.ContextCallback,object,System.Threading.Tasks.Task&)
System.Threading.Tasks.SynchronizationContextAwaitTaskContinuation:Run (System.Threading.Tasks.Task,bool)
System.Threading.Tasks.Task:FinishContinuations ()
System.Threading.Tasks.Task:FinishStageThree ()
System.Threading.Tasks.Task`1<Unity.Services.Lobbies.Http.HttpClientResponse>:TrySetResult (Unity.Services.Lobbies.Http.HttpClientResponse)
System.Runtime.CompilerServices.AsyncTaskMethodBuilder`1<Unity.Services.Lobbies.Http.HttpClientResponse>:SetResult (Unity.Services.Lobbies.Http.HttpClientResponse)
Unity.Services.Lobbies.Http.HttpClient/<MakeRequestAsync>d__1:MoveNext () (at ./Library/PackageCache/com.unity.services.multiplayer@a6d6ce688d71/Runtime/Lobbies/Http/HttpClient.cs:41)
System.Runtime.CompilerServices.AsyncMethodBuilderCore/MoveNextRunner:InvokeMoveNext (object)
System.Threading.ExecutionContext:RunInternal (System.Threading.ExecutionContext,System.Threading.ContextCallback,object,bool)
System.Threading.ExecutionContext:Run (System.Threading.ExecutionContext,System.Threading.ContextCallback,object,bool)
System.Runtime.CompilerServices.AsyncMethodBuilderCore/MoveNextRunner:Run ()
System.Threading.Tasks.AwaitTaskContinuation:InvokeAction (object)
System.Threading.Tasks.AwaitTaskContinuation:RunCallback (System.Threading.ContextCallback,object,System.Threading.Tasks.Task&)
System.Threading.Tasks.SynchronizationContextAwaitTaskContinuation:Run (System.Threading.Tasks.Task,bool)
System.Threading.Tasks.Task:FinishContinuations ()
System.Threading.Tasks.Task:FinishStageThree ()
System.Threading.Tasks.Task`1<Unity.Services.Lobbies.Http.HttpClientResponse>:TrySetResult (Unity.Services.Lobbies.Http.HttpClientResponse)
System.Runtime.CompilerServices.AsyncTaskMethodBuilder`1<Unity.Services.Lobbies.Http.HttpClientResponse>:SetResult (Unity.Services.Lobbies.Http.HttpClientResponse)
Unity.Services.Lobbies.Http.HttpClient/<CreateWebRequestAsync>d__3:MoveNext () (at ./Library/PackageCache/com.unity.services.multiplayer@a6d6ce688d71/Runtime/Lobbies/Http/HttpClient.cs:56)
System.Runtime.CompilerServices.AsyncMethodBuilderCore/MoveNextRunner:InvokeMoveNext (object)
System.Threading.ExecutionContext:RunInternal (System.Threading.ExecutionContext,System.Threading.ContextCallback,object,bool)
System.Threading.ExecutionContext:Run (System.Threading.ExecutionContext,System.Threading.ContextCallback,object,bool)
System.Runtime.CompilerServices.AsyncMethodBuilderCore/MoveNextRunner:Run ()
System.Threading.Tasks.AwaitTaskContinuation:InvokeAction (object)
System.Threading.Tasks.AwaitTaskContinuation:RunCallback (System.Threading.ContextCallback,object,System.Threading.Tasks.Task&)
System.Threading.Tasks.SynchronizationContextAwaitTaskContinuation:Run (System.Threading.Tasks.Task,bool)
System.Threading.Tasks.Task:FinishContinuations ()
System.Threading.Tasks.Task:FinishStageThree ()
System.Threading.Tasks.Task`1<Unity.Services.Lobbies.Http.HttpClientResponse>:TrySetResult (Unity.Services.Lobbies.Http.HttpClientResponse)
System.Runtime.CompilerServices.AsyncTaskMethodBuilder`1<Unity.Services.Lobbies.Http.HttpClientResponse>:SetResult (Unity.Services.Lobbies.Http.HttpClientResponse)
Unity.Services.Lobbies.Http.HttpClient/<CreateHttpClientResponse>d__4:MoveNext () (at ./Library/PackageCache/com.unity.services.multiplayer@a6d6ce688d71/Runtime/Lobbies/Http/HttpClient.cs:84)
System.Runtime.CompilerServices.AsyncMethodBuilderCore/MoveNextRunner:InvokeMoveNext (object)
System.Threading.ExecutionContext:RunInternal (System.Threading.ExecutionContext,System.Threading.ContextCallback,object,bool)
System.Threading.ExecutionContext:Run (System.Threading.ExecutionContext,System.Threading.ContextCallback,object,bool)
System.Runtime.CompilerServices.AsyncMethodBuilderCore/MoveNextRunner:Run ()
System.Threading.Tasks.AwaitTaskContinuation:InvokeAction (object)
System.Threading.Tasks.AwaitTaskContinuation:RunCallback (System.Threading.ContextCallback,object,System.Threading.Tasks.Task&)
System.Threading.Tasks.SynchronizationContextAwaitTaskContinuation:Run (System.Threading.Tasks.Task,bool)
System.Threading.Tasks.Task:FinishContinuations ()
System.Threading.Tasks.Task:FinishStageThree ()
System.Threading.Tasks.Task`1<Unity.Services.Lobbies.Http.HttpClientResponse>:TrySetResult (Unity.Services.Lobbies.Http.HttpClientResponse)
System.Runtime.CompilerServices.AsyncTaskMethodBuilder`1<Unity.Services.Lobbies.Http.HttpClientResponse>:SetResult (Unity.Services.Lobbies.Http.HttpClientResponse)
Unity.Services.Lobbies.Http.Htt

(Filename: C:/build/output/unity/unity/Runtime/Export/Debug/Debug.bindings.cs Line: 151)

