Mono path[0] = 'E:/UNITY/LastJumpCrew/Builds/PHS0717Validation/LastJumpCrew_Data/Managed'
Mono config path = 'E:/UNITY/LastJumpCrew/Builds/PHS0717Validation/MonoBleedingEdge/etc'
CodeReloadManager initialized
Found 1 interfaces on host : 0) 172.30.1.7
Player connection [39036]  Target information:

Player connection [39036]  * "[IP] 172.30.1.7 [Port] 55000 [Flags] 2 [Guid] 3399189199 [EditorId] 2512859468 [Version] 1048832 [Id] WindowsPlayer(2,hansolcom) [Debug] 0 [PackageName] WindowsPlayer [ProjectName] LastJumpCrew" 

Player connection [39036] Started UDP target info broadcast (1) on [225.0.0.222:54997].

Input System module state changed to: Initialized.
[Physics::Module] Initialized fallback backend.
[Physics::Module] Id: 0xdecafbad
Initialize engine version: 6000.5.2f1 (eb73d3b415a1)
[Subsystems] Discovering subsystems at path E:/UNITY/LastJumpCrew/Builds/PHS0717Validation/LastJumpCrew_Data/UnitySubsystems
[D3D12 Device Filter] Vendor Name: NVIDIA
[D3D12 Device Filter] Device Name: NVIDIA GeForce RTX 4080
[D3D12 Device Filter] Driver Version: 32.0.15.7283
[D3D12 Device Filter] Feature Level: 12.2
[D3D12 Device Filter] Graphics Memory: 16050 MB
[D3D12 Device Filter] Processor Count: 24
[D3D12 Device Filter] Device Type: Discrete
GfxDevice: creating device client; kGfxThreadingModeSplitJobs
d3d12: failed to query info queue interface (0x80004002).
Direct3D:
    Version:         Direct3D 12 [level 12.2]
    Renderer:        NVIDIA GeForce RTX 4080 (ID=0x2704)
    Vendor:          NVIDIA
    VRAM:            16050 MB
    App VRAM Budget: 15282 MB
    Driver:          32.0.15.7283
Begin MonoManager ReloadAssembly
- Finished resetting the current domain, in  0.033 seconds
[Physics::Module] Selected backend.
[Physics::Module] Name: PhysX
[Physics::Module] Id: 0xf2b8ea05
[Physics::Module] SDK Version: 4.1.2
[Physics::Module] Integration Version: 1.0.0
[Physics::Module] Threading Mode: Multi-Threaded
<RI> Initializing input.
Using Windows.Gaming.Input
UnloadTime: 0.977700 ms
PHS_DEBRIS_STREAM_READY stream=PHS_LobbyDebrisStream mode=local total=11 generated=1
UnityEngine.Debug:ExtractStackTraceNoAlloc (byte*,int,string)
UnityEngine.StackTraceUtility:ExtractStackTrace () (at C:/build/output/unity/unity/Runtime/Export/Scripting/StackTrace.cs:35)
UnityEngine.DebugLogHandler:Internal_Log (UnityEngine.LogType,UnityEngine.LogOption,string,UnityEngine.Object)
UnityEngine.DebugLogHandler:LogFormat (UnityEngine.LogType,UnityEngine.Object,string,object[]) (at C:/build/output/unity/unity/Runtime/Export/Logging/DebugLogHandler.cs:9)
UnityEngine.Logger:Log (UnityEngine.LogType,object,UnityEngine.Object) (at C:/build/output/unity/unity/Runtime/Export/Logging/Logger.cs:66)
UnityEngine.Debug:Log (object,UnityEngine.Object) (at C:/build/output/unity/unity/Runtime/Export/Debug/Debug.bindings.cs:128)
LastJumpCrew.ParkHanSol.Multiplayer.PHSRandomDebrisStream:InitializeSimulation () (at E:/UNITY/LastJumpCrew/Assets/02. ParkHanSol_TeamLeader_Build & Multi/02. Script/Multiplayer/PHSRandomDebrisStream.cs:158)
LastJumpCrew.ParkHanSol.Multiplayer.PHSRandomDebrisStream:Awake () (at E:/UNITY/LastJumpCrew/Assets/02. ParkHanSol_TeamLeader_Build & Multi/02. Script/Multiplayer/PHSRandomDebrisStream.cs:76)

(Filename: C:/build/output/unity/unity/Runtime/Export/Debug/Debug.bindings.cs Line: 128)

[DataManager] Init 완료 — Items 8 / Tools 8 / Zones 0
UnityEngine.Debug:ExtractStackTraceNoAlloc (byte*,int,string)
UnityEngine.StackTraceUtility:ExtractStackTrace () (at C:/build/output/unity/unity/Runtime/Export/Scripting/StackTrace.cs:35)
UnityEngine.DebugLogHandler:Internal_Log (UnityEngine.LogType,UnityEngine.LogOption,string,UnityEngine.Object)
UnityEngine.DebugLogHandler:LogFormat (UnityEngine.LogType,UnityEngine.Object,string,object[]) (at C:/build/output/unity/unity/Runtime/Export/Logging/DebugLogHandler.cs:9)
UnityEngine.Logger:Log (UnityEngine.LogType,object) (at C:/build/output/unity/unity/Runtime/Export/Logging/Logger.cs:60)
UnityEngine.Debug:Log (object) (at C:/build/output/unity/unity/Runtime/Export/Debug/Debug.bindings.cs:123)
LastJumpCrew.SeoBoGyeong.DataManager:Init () (at E:/UNITY/LastJumpCrew/Assets/03. SeoBoGyeong_Game Economy/02. Script/DataManager.cs:37)
LastJumpCrew.SeoBoGyeong.GameCore:Init () (at E:/UNITY/LastJumpCrew/Assets/03. SeoBoGyeong_Game Economy/02. Script/GameCore.cs:66)
LastJumpCrew.SeoBoGyeong.GameCore:Awake () (at E:/UNITY/LastJumpCrew/Assets/03. SeoBoGyeong_Game Economy/02. Script/GameCore.cs:47)

(Filename: C:/build/output/unity/unity/Runtime/Export/Debug/Debug.bindings.cs Line: 123)

